[getnajmul.com/theme/trabble/index.html]
[backblue.gif]
[fade.gif]
[index.html]
[getnajmul.com/theme/trabble/images/favicon.ico]
[getnajmul.com/theme/trabble/js/vendor/modernizr-2.8.3.min.js]
[getnajmul.com/theme/trabble/index-2.html]
[getnajmul.com/theme/trabble/images/logo.png]
[getnajmul.com/theme/trabble/index-3.html]
[getnajmul.com/theme/trabble/index-4.html]
[getnajmul.com/theme/trabble/index-5.html]
[getnajmul.com/theme/trabble/index-6.html]
[getnajmul.com/theme/trabble/package-version-one.html]
[getnajmul.com/theme/trabble/package-version-two.html]
[getnajmul.com/theme/trabble/single-package.html]
[getnajmul.com/theme/trabble/hotel-version-one.html]
[getnajmul.com/theme/trabble/blog-version-one.html]
[getnajmul.com/theme/trabble/blog-version-two.html]
[getnajmul.com/theme/trabble/blog-single.html]
[getnajmul.com/theme/trabble/images/slider/slider-back-01.jpg]
[getnajmul.com/theme/trabble/contact.html]
[getnajmul.com/theme/trabble/images/slider/slider-back-04.jpg]
[getnajmul.com/theme/trabble/images/icon/hotel.png]
[getnajmul.com/theme/trabble/images/icon/tour.png]
[getnajmul.com/theme/trabble/images/icon/fly.png]
[getnajmul.com/theme/trabble/images/icon/car.png]
[getnajmul.com/theme/trabble/images/icon/ship.png]
[getnajmul.com/theme/trabble/images/packages/1.jpg]
[getnajmul.com/theme/trabble/images/packages/2.jpg]
[getnajmul.com/theme/trabble/images/packages/3.jpg]
[getnajmul.com/theme/trabble/images/packages/4.jpg]
[getnajmul.com/theme/trabble/images/packages/5.jpg]
[getnajmul.com/theme/trabble/images/packages/6.jpg]
[getnajmul.com/theme/trabble/images/destination/1.jpg]
[getnajmul.com/theme/trabble/images/destination/2.jpg]
[getnajmul.com/theme/trabble/images/destination/3.jpg]
[getnajmul.com/theme/trabble/images/destination/4.jpg]
[getnajmul.com/theme/trabble/images/destination/5.jpg]
[getnajmul.com/theme/trabble/images/blog/1.jpg]
[getnajmul.com/theme/trabble/images/blog/2.jpg]
[getnajmul.com/theme/trabble/images/blog/3.jpg]
[getnajmul.com/theme/trabble/images/client/1.jpg]
[getnajmul.com/theme/trabble/images/client/2.jpg]
[getnajmul.com/theme/trabble/images/client/3.jpg]
[getnajmul.com/theme/trabble/images/client/6.jpg]
[getnajmul.com/theme/trabble/images/place/1.jpg]
[getnajmul.com/theme/trabble/images/place/2.jpg]
[getnajmul.com/theme/trabble/images/place/3.jpg]
[getnajmul.com/theme/trabble/images/place/4.jpg]
[getnajmul.com/theme/trabble/images/place/5.jpg]
[getnajmul.com/theme/trabble/images/partner/1.png]
[getnajmul.com/theme/trabble/images/partner/2.png]
[getnajmul.com/theme/trabble/images/partner/3.png]
[getnajmul.com/theme/trabble/images/partner/4.png]
[getnajmul.com/theme/trabble/images/partner/5.png]
[getnajmul.com/theme/trabble/images/icon/map.png]
[getnajmul.com/theme/trabble/images/icon/phone.png]
[getnajmul.com/theme/trabble/images/icon/gmail.png]
[getnajmul.com/theme/trabble/images/blog/f4.jpg]
[getnajmul.com/theme/trabble/images/blog/f5.jpg]
[getnajmul.com/theme/trabble/images/blog/f6.jpg]
[getnajmul.com/theme/trabble/images/payicon01.png]
[getnajmul.com/theme/trabble/images/payicon02.png]
[getnajmul.com/theme/trabble/images/payicon03.png]
[getnajmul.com/theme/trabble/images/payicon04.png]
[getnajmul.com/theme/trabble/images/payicon05.png]
[getnajmul.com/theme/trabble/images/payicon06.png]
[getnajmul.com/theme/trabble/js/vendor/jquery-3.2.0.min.js]
[getnajmul.com/theme/trabble/js/bootstrap.min.js]
[getnajmul.com/theme/trabble/js/owl.carousel.min.js]
[getnajmul.com/theme/trabble/js/slick.min.js]
[getnajmul.com/theme/trabble/js/jquery.meanmenu.min.js]
[getnajmul.com/theme/trabble/js/jquery-ui.min.js]
[getnajmul.com/theme/trabble/js/wow.min.js]
[getnajmul.com/theme/trabble/js/jquery.counterup.min.js]
[getnajmul.com/theme/trabble/js/jquery.countdown.min.js]
[getnajmul.com/theme/trabble/js/jquery.waypoints.min.js]
[getnajmul.com/theme/trabble/js/isotope.pkgd.min.js]
[getnajmul.com/theme/trabble/js/jquery.magnific-popup.min.js]
[getnajmul.com/theme/trabble/js/imagesloaded.pkgd.min.js]
[getnajmul.com/theme/trabble/js/chosen.jquery.min.js]
[getnajmul.com/theme/trabble/js/assets/revolution/jquery.themepunch.revolution.min.js]
[getnajmul.com/theme/trabble/js/assets/revolution/jquery.themepunch.tools.min.js]
[getnajmul.com/theme/trabble/js/assets/revolution/extensions/revolution.extension.actions.min.js]
[getnajmul.com/theme/trabble/js/assets/revolution/extensions/revolution.extension.carousel.min.js]
[getnajmul.com/theme/trabble/js/assets/revolution/extensions/revolution.extension.kenburn.min.js]
[getnajmul.com/theme/trabble/js/assets/revolution/extensions/revolution.extension.layeranimation.min.js]
[getnajmul.com/theme/trabble/js/assets/revolution/extensions/revolution.extension.migration.min.js]
[getnajmul.com/theme/trabble/js/assets/revolution/extensions/revolution.extension.navigation.min.js]
[getnajmul.com/theme/trabble/js/assets/revolution/extensions/revolution.extension.parallax.min.js]
[getnajmul.com/theme/trabble/js/assets/revolution/extensions/revolution.extension.slideanims.min.js]
[getnajmul.com/theme/trabble/js/assets/revolution/extensions/revolution.extension.video.min.js]
[getnajmul.com/theme/trabble/js/assets/revolution/revolution.js]
[getnajmul.com/theme/trabble/js/plugins.js]
[getnajmul.com/theme/trabble/js/select2.min.js]
[getnajmul.com/theme/trabble/js/colors.js]
[getnajmul.com/theme/trabble/js/jquery-customselect.js]
[getnajmul.com/theme/trabble/js/custom.js]
[getnajmul.com/theme/trabble/index.html]
[getnajmul.com/theme/trabble/css/bootstrap.min.css]
[getnajmul.com/theme/trabble/css/animate.css]
[getnajmul.com/theme/trabble/css/hover-min.css]
[getnajmul.com/theme/trabble/css/jquery-ui.min.css]
[getnajmul.com/theme/trabble/css/meanmenu.min.css]
[getnajmul.com/theme/trabble/css/owl.carousel.min.css]
[getnajmul.com/theme/trabble/css/slick.css]
[getnajmul.com/theme/trabble/css/chosen.min.css]
[getnajmul.com/theme/trabble/css/jquery-customselect.css]
[getnajmul.com/theme/trabble/fonts/fontawesome-webfont3295.eot]
[getnajmul.com/theme/trabble/fonts/fontawesome-webfontd41d.eot]
[getnajmul.com/theme/trabble/fonts/fontawesome-webfont3295.woff2]
[getnajmul.com/theme/trabble/fonts/fontawesome-webfont3295.woff]
[getnajmul.com/theme/trabble/fonts/fontawesome-webfont3295.ttf]
[getnajmul.com/theme/trabble/css/font-awesome.min.css]
[getnajmul.com/theme/trabble/css/magnific-popup.css]
[getnajmul.com/theme/trabble/css/assets/revolution/layers.css]
[getnajmul.com/theme/trabble/css/assets/revolution/navigation.css]
[getnajmul.com/theme/trabble/fonts/revicons/revicons90c6.eot]
[getnajmul.com/theme/trabble/fonts/revicons/revicons90c6.woff]
[getnajmul.com/theme/trabble/fonts/revicons/revicons90c6.ttf]
[getnajmul.com/theme/trabble/images/loader.gif]
[getnajmul.com/theme/trabble/css/assets/revolution/settings.css]
[getnajmul.com/theme/trabble/images/preloader.gif]
[getnajmul.com/theme/trabble/images/arrow.png]
[getnajmul.com/theme/trabble/images/line.png]
[getnajmul.com/theme/trabble/images/line-read.png]
[getnajmul.com/theme/trabble/images/bgimage/countbg.jpg]
[getnajmul.com/theme/trabble/images/bgimage/travlec.jpg]
[getnajmul.com/theme/trabble/images/bgimage/testimonial.jpg]
[getnajmul.com/theme/trabble/images/icon/quote-left.png]
[getnajmul.com/theme/trabble/images/icon/quote-righ.png]
[getnajmul.com/theme/trabble/images/bgimage/subscribe.jpg]
[getnajmul.com/theme/trabble/images/icon/message.png]
[getnajmul.com/theme/trabble/images/bgimage/footer1.jpg]
[getnajmul.com/theme/trabble/images/bgimage/two.png]
[getnajmul.com/theme/trabble/images/line2.png]
[getnajmul.com/theme/trabble/images/bgimage/package.jpg]
[getnajmul.com/theme/trabble/images/bgimage/tagmahal.jpg]
[getnajmul.com/theme/trabble/images/bgimage/blog.jpg]
[getnajmul.com/theme/trabble/images/bgimage/subs.jpg]
[getnajmul.com/theme/trabble/images/bgimage/header.jpg]
[getnajmul.com/theme/trabble/images/bgimage/video.jpg]
[getnajmul.com/theme/trabble/images/bgimage/discount.jpg]
[getnajmul.com/theme/trabble/images/bgimage/achivment.jpg]
[getnajmul.com/theme/trabble/images/bgimage/discount5.jpg]
[getnajmul.com/theme/trabble/images/bgimage/snow.jpg]
[getnajmul.com/theme/trabble/images/bgimage/discount6.jpg]
[getnajmul.com/theme/trabble/images/bgimage/add.jpg]
[getnajmul.com/theme/trabble/images/bgimage/videotab.jpg]
[getnajmul.com/theme/trabble/css/style.css]
[getnajmul.com/theme/trabble/css/responsive.css]
[getnajmul.com/theme/trabble/index-2.html]
[getnajmul.com/theme/trabble/images/logo2.png]
[getnajmul.com/theme/trabble/images/slider/slider-back-02.jpg]
[getnajmul.com/theme/trabble/images/welcome/1.jpg]
[getnajmul.com/theme/trabble/images/welcome/2.jpg]
[getnajmul.com/theme/trabble/images/packages/7.jpg]
[getnajmul.com/theme/trabble/images/packages/8.jpg]
[getnajmul.com/theme/trabble/images/packages/9.jpg]
[getnajmul.com/theme/trabble/images/destination/pd1.jpg]
[getnajmul.com/theme/trabble/images/destination/pd2.jpg]
[getnajmul.com/theme/trabble/images/destination/pd3.jpg]
[getnajmul.com/theme/trabble/images/destination/pd4.jpg]
[getnajmul.com/theme/trabble/images/offer/1.jpg]
[getnajmul.com/theme/trabble/images/offer/2.jpg]
[getnajmul.com/theme/trabble/images/offer/3.jpg]
[getnajmul.com/theme/trabble/images/offer/4.jpg]
[getnajmul.com/theme/trabble/images/blog/5.jpg]
[getnajmul.com/theme/trabble/images/blog/6.jpg]
[getnajmul.com/theme/trabble/images/blog/7.jpg]
[getnajmul.com/theme/trabble/images/gallery/1.jpg]
[getnajmul.com/theme/trabble/images/gallery/2.jpg]
[getnajmul.com/theme/trabble/images/gallery/3.jpg]
[getnajmul.com/theme/trabble/images/gallery/6.jpg]
[getnajmul.com/theme/trabble/images/gallery/4.jpg]
[getnajmul.com/theme/trabble/images/gallery/5.jpg]
[getnajmul.com/theme/trabble/images/gallery/7.jpg]
[getnajmul.com/theme/trabble/images/gallery/8.jpg]
[getnajmul.com/theme/trabble/index-3.html]
[getnajmul.com/theme/trabble/hotel-version-two.html]
[getnajmul.com/theme/trabble/images/icon/hotel-1.png]
[getnajmul.com/theme/trabble/images/icon/tour1.png]
[getnajmul.com/theme/trabble/images/icon/tour2.png]
[getnajmul.com/theme/trabble/images/icon/car2.png]
[getnajmul.com/theme/trabble/images/icon/ship2.png]
[getnajmul.com/theme/trabble/images/bgimage/long.jpg]
[getnajmul.com/theme/trabble/images/offer/5.jpg]
[getnajmul.com/theme/trabble/images/offer/6.jpg]
[getnajmul.com/theme/trabble/images/offer/7.jpg]
[getnajmul.com/theme/trabble/images/product/1.jpg]
[getnajmul.com/theme/trabble/images/product/2.jpg]
[getnajmul.com/theme/trabble/images/product/3.jpg]
[getnajmul.com/theme/trabble/images/product/4.jpg]
[getnajmul.com/theme/trabble/images/bgimage/long2.jpg]
[getnajmul.com/theme/trabble/images/client/9.jpg]
[getnajmul.com/theme/trabble/images/client/7.jpg]
[getnajmul.com/theme/trabble/images/client/8.jpg]
[getnajmul.com/theme/trabble/index-4.html]
[getnajmul.com/theme/trabble/images/slider/slider-back-03.jpg]
[getnajmul.com/theme/trabble/images/destination/france.jpg]
[getnajmul.com/theme/trabble/images/destination/america.jpg]
[getnajmul.com/theme/trabble/images/destination/india.jpg]
[getnajmul.com/theme/trabble/images/destination/italy.jpg]
[getnajmul.com/theme/trabble/images/destination/eng.jpg]
[getnajmul.com/theme/trabble/images/destination/bragil.jpg]
[getnajmul.com/theme/trabble/images/destination/thaland.jpg]
[getnajmul.com/theme/trabble/images/destination/spain.jpg]
[getnajmul.com/theme/trabble/images/icon/trousit.jpg]
[getnajmul.com/theme/trabble/images/icon/2.jpg]
[getnajmul.com/theme/trabble/images/icon/3.jpg]
[getnajmul.com/theme/trabble/images/icon/4.jpg]
[getnajmul.com/theme/trabble/images/icon/5.jpg]
[getnajmul.com/theme/trabble/images/hotel/1.jpg]
[getnajmul.com/theme/trabble/images/hotel/2.jpg]
[getnajmul.com/theme/trabble/images/hotel/3.jpg]
[getnajmul.com/theme/trabble/images/partner/8.png]
[getnajmul.com/theme/trabble/images/partner/9.png]
[getnajmul.com/theme/trabble/images/partner/10.png]
[getnajmul.com/theme/trabble/images/partner/11.png]
[getnajmul.com/theme/trabble/images/partner/12.png]
[getnajmul.com/theme/trabble/images/partner/award1.png]
[getnajmul.com/theme/trabble/images/partner/eye1.png]
[getnajmul.com/theme/trabble/images/partner/yelp.png]
[getnajmul.com/theme/trabble/index-5.html]
[getnajmul.com/theme/trabble/images/icon/5-1.png]
[getnajmul.com/theme/trabble/images/icon/5-2.png]
[getnajmul.com/theme/trabble/images/icon/5-3.png]
[getnajmul.com/theme/trabble/images/icon/5-4.png]
[getnajmul.com/theme/trabble/images/packages/10.jpg]
[getnajmul.com/theme/trabble/images/packages/11.jpg]
[getnajmul.com/theme/trabble/images/packages/12.jpg]
[getnajmul.com/theme/trabble/index-6.html]
[getnajmul.com/theme/trabble/images/bercums/package-Version-01.jpg]
[getnajmul.com/theme/trabble/package-version-one.html]
[getnajmul.com/theme/trabble/package-version-two.html]
[getnajmul.com/theme/trabble/images/bercums/Single-Package-Details.jpg]
[getnajmul.com/theme/trabble/images/packages/13.jpg]
[getnajmul.com/theme/trabble/js/google-map.js]
[getnajmul.com/theme/trabble/single-package.html]
[getnajmul.com/theme/trabble/images/bercums/Hotels-Version-02.jpg]
[getnajmul.com/theme/trabble/hotel-version-one.html]
[getnajmul.com/theme/trabble/images/bercums/Blogs-Version-01.jpg]
[getnajmul.com/theme/trabble/blog-version-one.html]
[getnajmul.com/theme/trabble/blog-version-two.html]
[getnajmul.com/theme/trabble/images/bercums/contact-page.jpg]
[getnajmul.com/theme/trabble/images/blog/comments1.jpg]
[getnajmul.com/theme/trabble/images/blog/comments2.jpg]
[getnajmul.com/theme/trabble/blog-single.html]
[getnajmul.com/theme/trabble/contact.html]
[getnajmul.com/theme/trabble/fonts/fontawesome-webfont3295.svg]
[getnajmul.com/theme/trabble/fonts/revicons/revicons90c6.svg]
[getnajmul.com/theme/trabble/css/select2.min.css]
[getnajmul.com/theme/trabble/hotel-version-two.html]
[getnajmul.com/theme/trabble/css/thumbnail-slider.css]
